INFO [2026-09-04 10:42:55] Refreshing 16 source files
INFO [2026-09-04 10:42:56] Initializing with init_fn()
INFO [2026-09-04 10:42:56] sourcoising C:/Users/timbe/github/wp-xt-travail/R/nace.r
SUCCESS [2026-09-04 10:42:57] R/nace.r (forced) in 1.48 sec. (10.3K)
INFO [2026-09-04 10:42:57] sourcoising C:/Users/timbe/github/wp-xt-travail/R/vaq.r
INFO [2026-09-04 10:42:59] sourcoising C:/Users/timbe/github/wp-xt-travail/R/nace.r
INFO [2026-09-04 10:42:59] Tracked files not found, check your paths.
SUCCESS [2026-09-04 10:42:59] R/nace.r cache valid (10.3K)
INFO [2026-09-04 10:42:59] sourcoising C:/Users/timbe/github/wp-xt-travail/R/nace.r
INFO [2026-09-04 10:42:59] Tracked files not found, check your paths.
SUCCESS [2026-09-04 10:42:59] R/nace.r cache valid (10.3K)
INFO [2026-09-04 10:42:59] sourcoising C:/Users/timbe/github/wp-xt-travail/R/naq10_e.r
INFO [2026-09-04 10:42:59] Tracked files not found, check your paths.
INFO [2026-09-04 10:42:59] sourcoising C:/Users/timbe/github/wp-xt-travail/R/nace.r
INFO [2026-09-04 10:42:59] Tracked files not found, check your paths.
SUCCESS [2026-09-04 10:42:59] R/nace.r cache valid (10.3K)
SUCCESS [2026-09-04 10:43:09] R/naq10_e.r (forced) in 9.69 sec. (3.21M)
SUCCESS [2026-09-04 10:43:14] R/vaq.r cache valid (9.18M)
INFO [2026-09-04 10:43:14] sourcoising C:/Users/timbe/github/wp-xt-travail/R/naq10_e.r
INFO [2026-09-04 10:43:14] sourcoising C:/Users/timbe/github/wp-xt-travail/R/nace.r
INFO [2026-09-04 10:43:14] Tracked files not found, check your paths.
SUCCESS [2026-09-04 10:43:14] R/nace.r cache valid (10.3K)
SUCCESS [2026-09-04 10:43:18] R/naq10_e.r (forced) in 3.82 sec. (3.21M)
INFO [2026-09-04 10:43:18] sourcoising C:/Users/timbe/github/wp-xt-travail/R/france-melodi.r
INFO [2026-09-04 10:43:18] sourcoising C:/Users/timbe/github/wp-xt-travail/R/nace.r
INFO [2026-09-04 10:43:18] Tracked files not found, check your paths.
SUCCESS [2026-09-04 10:43:18] R/nace.r cache valid (10.3K)
INFO [2026-09-04 10:43:18] sourcoising C:/Users/timbe/github/wp-xt-travail/R/nace.r
INFO [2026-09-04 10:43:18] Tracked files not found, check your paths.
SUCCESS [2026-09-04 10:43:18] R/nace.r cache valid (10.3K)
SUCCESS [2026-09-04 10:43:30] R/france-melodi.r (forced) in 12.54 sec. (214K)
INFO [2026-09-04 10:43:31] sourcoising C:/Users/timbe/github/wp-xt-travail/R/snf_international.r
INFO [2026-09-04 10:43:31] sourcoising C:/Users/timbe/github/wp-xt-travail/R/nace.r
INFO [2026-09-04 10:43:31] Tracked files not found, check your paths.
SUCCESS [2026-09-04 10:43:31] R/nace.r cache valid (10.3K)
INFO [2026-09-04 10:43:31] sourcoising C:/Users/timbe/github/wp-xt-travail/R/nace.r
INFO [2026-09-04 10:43:31] Tracked files not found, check your paths.
SUCCESS [2026-09-04 10:43:31] R/nace.r cache valid (10.3K)
INFO [2026-09-04 10:43:31] sourcoising C:/Users/timbe/github/wp-xt-travail/R/nace.r
INFO [2026-09-04 10:43:31] Tracked files not found, check your paths.
SUCCESS [2026-09-04 10:43:31] R/nace.r cache valid (10.3K)
SUCCESS [2026-09-04 10:43:32] R/snf_international.r (forced) in 1.71 sec. (20.2K)
INFO [2026-09-04 10:43:32] sourcoising C:/Users/timbe/github/wp-xt-travail/R/annexeD.r
INFO [2026-09-04 10:43:32] sourcoising C:/Users/timbe/github/wp-xt-travail/R/nace.r
INFO [2026-09-04 10:43:32] Tracked files not found, check your paths.
SUCCESS [2026-09-04 10:43:32] R/nace.r cache valid (10.3K)
INFO [2026-09-04 10:43:32] sourcoising C:/Users/timbe/github/wp-xt-travail/R/mixte.r
INFO [2026-09-04 10:43:32] Tracked files not found, check your paths.
SUCCESS [2026-09-04 10:43:32] R/mixte.r cache valid (2.09M)
INFO [2026-09-04 10:43:32] sourcoising C:/Users/timbe/github/wp-xt-travail/R/nace.r
INFO [2026-09-04 10:43:32] Tracked files not found, check your paths.
SUCCESS [2026-09-04 10:43:32] R/nace.r cache valid (10.3K)
INFO [2026-09-04 10:43:32] sourcoising C:/Users/timbe/github/wp-xt-travail/R/vaq.r
INFO [2026-09-04 10:43:32] Tracked files not found, check your paths.
SUCCESS [2026-09-04 10:43:32] R/vaq.r cache valid (9.18M)
INFO [2026-09-04 10:43:32] sourcoising C:/Users/timbe/github/wp-xt-travail/R/mixte.r
INFO [2026-09-04 10:43:32] Tracked files not found, check your paths.
SUCCESS [2026-09-04 10:43:32] R/mixte.r cache valid (2.09M)
INFO [2026-09-04 10:43:33] sourcoising C:/Users/timbe/github/wp-xt-travail/R/france-melodi.r
INFO [2026-09-04 10:43:33] Tracked files not found, check your paths.
SUCCESS [2026-09-04 10:43:33] R/france-melodi.r cache valid (214K)
INFO [2026-09-04 10:43:33] sourcoising C:/Users/timbe/github/wp-xt-travail/R/naq10_e.r
INFO [2026-09-04 10:43:33] Tracked files not found, check your paths.
SUCCESS [2026-09-04 10:43:33] R/naq10_e.r cache valid (3.21M)
SUCCESS [2026-09-04 10:43:34] R/annexeD.r (forced) in 1.19 sec. (649K)
INFO [2026-09-04 10:43:34] sourcoising C:/Users/timbe/github/wp-xt-travail/R/assets.r
INFO [2026-09-04 10:43:34] sourcoising C:/Users/timbe/github/wp-xt-travail/R/nace.r
INFO [2026-09-04 10:43:34] Tracked files not found, check your paths.
SUCCESS [2026-09-04 10:43:34] R/nace.r cache valid (10.3K)
INFO [2026-09-04 10:43:34] sourcoising C:/Users/timbe/github/wp-xt-travail/R/nace.r
INFO [2026-09-04 10:43:34] Tracked files not found, check your paths.
SUCCESS [2026-09-04 10:43:34] R/nace.r cache valid (10.3K)
SUCCESS [2026-09-04 10:43:37] R/assets.r (forced) in 3.68 sec. (798K)
INFO [2026-09-04 10:43:37] sourcoising C:/Users/timbe/github/wp-xt-travail/R/decomp.r
INFO [2026-09-04 10:43:37] sourcoising C:/Users/timbe/github/wp-xt-travail/R/vaq.r
INFO [2026-09-04 10:43:37] Tracked files not found, check your paths.
SUCCESS [2026-09-04 10:43:37] R/vaq.r cache valid (9.18M)
INFO [2026-09-04 10:43:37] sourcoising C:/Users/timbe/github/wp-xt-travail/R/nace.r
INFO [2026-09-04 10:43:38] Tracked files not found, check your paths.
SUCCESS [2026-09-04 10:43:38] R/nace.r cache valid (10.3K)
SUCCESS [2026-09-04 10:43:38] R/decomp.r (forced) in 0.13 sec. (12.2K)
INFO [2026-09-04 10:43:38] sourcoising C:/Users/timbe/github/wp-xt-travail/R/earn.r
SUCCESS [2026-09-04 10:43:39] R/earn.r (forced) in 0.81 sec. (6.52K)
INFO [2026-09-04 10:43:39] sourcoising C:/Users/timbe/github/wp-xt-travail/R/france CN 2014.r
SUCCESS [2026-09-04 10:43:42] R/france CN 2014.r (forced) in 3.03 sec. (45.3K)
INFO [2026-09-04 10:43:42] sourcoising C:/Users/timbe/github/wp-xt-travail/R/ggvanettebrute.r
INFO [2026-09-04 10:43:43] sourcoising C:/Users/timbe/github/wp-xt-travail/R/vaq.r
INFO [2026-09-04 10:43:43] Tracked files not found, check your paths.
SUCCESS [2026-09-04 10:43:43] R/vaq.r cache valid (9.18M)
SUCCESS [2026-09-04 10:43:44] R/ggvanettebrute.r (forced) in 1.92 sec. (504K)
INFO [2026-09-04 10:43:44] sourcoising C:/Users/timbe/github/wp-xt-travail/R/households.r
INFO [2026-09-04 10:43:44] sourcoising C:/Users/timbe/github/wp-xt-travail/R/nace.r
INFO [2026-09-04 10:43:44] Tracked files not found, check your paths.
SUCCESS [2026-09-04 10:43:44] R/nace.r cache valid (10.3K)
INFO [2026-09-04 10:43:44] sourcoising C:/Users/timbe/github/wp-xt-travail/R/nace.r
INFO [2026-09-04 10:43:44] Tracked files not found, check your paths.
SUCCESS [2026-09-04 10:43:44] R/nace.r cache valid (10.3K)
INFO [2026-09-04 10:43:46] sourcoising C:/Users/timbe/github/wp-xt-travail/R/vaq.r
INFO [2026-09-04 10:43:46] Tracked files not found, check your paths.
SUCCESS [2026-09-04 10:43:46] R/vaq.r cache valid (9.18M)
INFO [2026-09-04 10:43:46] sourcoising C:/Users/timbe/github/wp-xt-travail/R/vaq.r
INFO [2026-09-04 10:43:46] Tracked files not found, check your paths.
SUCCESS [2026-09-04 10:43:46] R/vaq.r cache valid (9.18M)
SUCCESS [2026-09-04 10:43:46] R/households.r (forced) in 1.78 sec. (82.6K)
INFO [2026-09-04 10:43:46] sourcoising C:/Users/timbe/github/wp-xt-travail/R/oecd.r
SUCCESS [2026-09-04 10:43:46] R/oecd.r cache valid (137K)
INFO [2026-09-04 10:43:46] sourcoising C:/Users/timbe/github/wp-xt-travail/R/psali.r
INFO [2026-09-04 10:43:47] sourcoising C:/Users/timbe/github/wp-xt-travail/R/snf_international.r
INFO [2026-09-04 10:43:47] Tracked files not found, check your paths.
SUCCESS [2026-09-04 10:43:47] R/snf_international.r cache valid (20.2K)
INFO [2026-09-04 10:43:48] sourcoising C:/Users/timbe/github/wp-xt-travail/R/salaires.r
INFO [2026-09-04 10:43:48] sourcoising C:/Users/timbe/github/wp-xt-travail/R/nace.r
INFO [2026-09-04 10:43:48] Tracked files not found, check your paths.
SUCCESS [2026-09-04 10:43:48] R/nace.r cache valid (10.3K)
INFO [2026-09-04 10:43:48] sourcoising C:/Users/timbe/github/wp-xt-travail/R/nace.r
INFO [2026-09-04 10:43:48] Tracked files not found, check your paths.
SUCCESS [2026-09-04 10:43:48] R/nace.r cache valid (10.3K)
SUCCESS [2026-09-04 10:44:03] R/salaires.r (forced) in 14.98 sec. (160K)
INFO [2026-09-04 10:44:03] sourcoising C:/Users/timbe/github/wp-xt-travail/R/snf_ratio.r
INFO [2026-09-04 10:44:03] sourcoising C:/Users/timbe/github/wp-xt-travail/R/nace.r
INFO [2026-09-04 10:44:03] Tracked files not found, check your paths.
SUCCESS [2026-09-04 10:44:03] R/nace.r cache valid (10.3K)
INFO [2026-09-04 10:44:03] sourcoising C:/Users/timbe/github/wp-xt-travail/R/nace.r
INFO [2026-09-04 10:44:03] Tracked files not found, check your paths.
SUCCESS [2026-09-04 10:44:03] R/nace.r cache valid (10.3K)
INFO [2026-09-04 10:44:03] sourcoising C:/Users/timbe/github/wp-xt-travail/R/nace.r
INFO [2026-09-04 10:44:03] Tracked files not found, check your paths.
SUCCESS [2026-09-04 10:44:03] R/nace.r cache valid (10.3K)
INFO [2026-09-04 10:44:03] sourcoising C:/Users/timbe/github/wp-xt-travail/R/naq10_e.r
INFO [2026-09-04 10:44:03] Tracked files not found, check your paths.
SUCCESS [2026-09-04 10:44:03] R/naq10_e.r cache valid (3.21M)
SUCCESS [2026-09-04 10:44:09] R/snf_ratio.r (forced) in 5.93 sec. (219K)
